2026-07-24 10:38:48.025 [main] INFO  o.example.network.ServerApplication - Starting ServerApplication using Java 22.0.2 with PID 13880 (C:\Users\user\Desktop\kfchess\KF_Chess\target\classes started by user in C:\Users\user\Desktop\kfchess\KF_Chess)
2026-07-24 10:38:48.027 [main] INFO  o.example.network.ServerApplication - No active profile set, falling back to 1 default profile: "default"
2026-07-24 10:38:49.159 [main] INFO  o.s.b.w.e.tomcat.TomcatWebServer - Tomcat initialized with port 8080 (http)
2026-07-24 10:38:49.179 [main] INFO  o.a.coyote.http11.Http11NioProtocol - Initializing ProtocolHandler ["http-nio-8080"]
2026-07-24 10:38:49.185 [main] INFO  o.a.catalina.core.StandardService - Starting service [Tomcat]
2026-07-24 10:38:49.185 [main] INFO  o.a.catalina.core.StandardEngine - Starting Servlet engine: [Apache Tomcat/10.1.30]
2026-07-24 10:38:49.278 [main] INFO  o.a.c.c.C.[Tomcat].[localhost].[/] - Initializing Spring embedded WebApplicationContext
2026-07-24 10:38:49.279 [main] INFO  o.s.b.w.s.c.ServletWebServerApplicationContext - Root WebApplicationContext: initialization completed in 1196 ms
2026-07-24 10:38:49.645 [main] INFO  o.a.coyote.http11.Http11NioProtocol - Starting ProtocolHandler ["http-nio-8080"]
2026-07-24 10:38:49.667 [main] INFO  o.s.b.w.e.tomcat.TomcatWebServer - Tomcat started on port 8080 (http) with context path '/'
2026-07-24 10:38:49.674 [main] INFO  o.example.network.ServerApplication - Started ServerApplication in 2.135 seconds (process running for 2.668)
2026-07-24 10:46:36.834 [http-nio-8080-exec-2] INFO  o.a.c.c.C.[Tomcat].[localhost].[/] - Initializing Spring DispatcherServlet 'dispatcherServlet'
2026-07-24 10:46:36.834 [http-nio-8080-exec-2] INFO  o.s.web.servlet.DispatcherServlet - Initializing Servlet 'dispatcherServlet'
2026-07-24 10:46:36.835 [http-nio-8080-exec-2] INFO  o.s.web.servlet.DispatcherServlet - Completed initialization in 1 ms
2026-07-24 12:57:36.696 [main] INFO  o.e.network.server.ServerApplication - Starting ServerApplication using Java 22.0.2 with PID 18944 (C:\Users\user\Desktop\kfchess\KF_Chess\target\classes started by user in C:\Users\user\Desktop\kfchess\KF_Chess)
2026-07-24 12:57:36.698 [main] INFO  o.e.network.server.ServerApplication - No active profile set, falling back to 1 default profile: "default"
2026-07-24 12:57:37.745 [main] INFO  o.s.b.w.e.tomcat.TomcatWebServer - Tomcat initialized with port 8080 (http)
2026-07-24 12:57:37.760 [main] INFO  o.a.coyote.http11.Http11NioProtocol - Initializing ProtocolHandler ["http-nio-8080"]
2026-07-24 12:57:37.765 [main] INFO  o.a.catalina.core.StandardService - Starting service [Tomcat]
2026-07-24 12:57:37.765 [main] INFO  o.a.catalina.core.StandardEngine - Starting Servlet engine: [Apache Tomcat/10.1.30]
2026-07-24 12:57:37.829 [main] INFO  o.a.c.c.C.[Tomcat].[localhost].[/] - Initializing Spring embedded WebApplicationContext
2026-07-24 12:57:37.830 [main] INFO  o.s.b.w.s.c.ServletWebServerApplicationContext - Root WebApplicationContext: initialization completed in 1080 ms
2026-07-24 12:57:38.164 [main] INFO  o.a.coyote.http11.Http11NioProtocol - Starting ProtocolHandler ["http-nio-8080"]
2026-07-24 12:57:38.191 [main] INFO  o.s.b.w.e.tomcat.TomcatWebServer - Tomcat started on port 8080 (http) with context path '/'
2026-07-24 12:57:38.198 [main] INFO  o.e.network.server.ServerApplication - Started ServerApplication in 1.885 seconds (process running for 2.363)
2026-07-24 12:57:43.898 [http-nio-8080-exec-1] INFO  o.a.c.c.C.[Tomcat].[localhost].[/] - Initializing Spring DispatcherServlet 'dispatcherServlet'
2026-07-24 12:57:43.898 [http-nio-8080-exec-1] INFO  o.s.web.servlet.DispatcherServlet - Initializing Servlet 'dispatcherServlet'
2026-07-24 12:57:43.899 [http-nio-8080-exec-1] INFO  o.s.web.servlet.DispatcherServlet - Completed initialization in 1 ms
